
> fintech-os@0.1.0 build
> next build

node.exe : ΓÜá Warning: Next.js inferred your 
workspace root, but it may not be correct.
At line:1 char:1
+ & "C:\Program Files\nodejs/node.exe" "C:\Program 
Files\nodejs/node_mo ...
+ ~~~~~~~~~~~~~~~~~~~~~~~~~~~~~~~~~~~~~~~~~~~~~~~~~
~~~~~~~~~~~~~~~~~~~~
    + CategoryInfo          : NotSpecified: (ΓÜá W 
   arning: Ne...not be correct.:String) [], Remot  
  eException
    + FullyQualifiedErrorId : NativeCommandError
 
 We detected multiple lockfiles and selected the 
directory of C:\Users\Vikas 
Kannur\package-lock.json as the root directory.
 To silence this warning, set `turbopack.root` in 
your Next.js config, or consider removing one of 
the lockfiles if it's not needed.
   See https://nextjs.org/docs/app/api-reference/co
nfig/next-config-js/turbopack#root-directory for 
more information.
 Detected additional lockfiles: 
   * C:\Users\Vikas Kannur\.gemini\antigravity\scra
tch\fintech-os\package-lock.json

Γû▓ Next.js 16.1.6 (Turbopack)
- Environments: .env.local

  Creating an optimized production build ...
Γ£ô Compiled successfully in 15.5s
  Running TypeScript ...
Failed to compile.

./src/apps/VoiceAssistant/VoiceAssistant.tsx:12:35
Type error: Cannot find name 'SpeechRecognition'.

[0m [90m 10 |[39m     [36mconst[39m 
[history[33m,[39m setHistory] [33m=[39m 
useState[33m<[39m[33mArray[39m[33m<[39m{ 
text[33m:[39m string[33m;[39m time[33m:[39m 
string[33m;[39m action[33m?[39m[33m:[39m 
string }[33m>>[39m([])[33m;[39m
 [90m 11 |[39m     [36mconst[39m 
[response[33m,[39m setResponse] [33m=[39m 
useState([32m''[39m)[33m;[39m
[31m[1m>[22m[39m[90m 12 |[39m     
[36mconst[39m recognitionRef [33m=[39m 
useRef[33m<[39m[33mSpeechRecognition[39m 
[33m|[39m [36mnull[39m[33m>[39m([36mnull[39
m)[33m;[39m
 [90m    |[39m                                   
[31m[1m^[22m[39m
 [90m 13 |[39m
 [90m 14 |[39m     [36mconst[39m 
startListening [33m=[39m () [33m=>[39m {
 [90m 15 |[39m         [36mif[39m 
([33m![39m([32m'webkitSpeechRecognition'[39m 
[36min[39m window [33m||[39m 
[32m'SpeechRecognition'[39m [36min[39m 
window)) {[0m
Next.js build worker exited with code: 1 and 
signal: null
